// 重构日志: 2e3509f4
// 重构日志: de74ffc0
// 重构日志: 4bcc2502
// 同步 ID: 2093b4c5 @ Fri Jul 17 08:18:54 UTC 2026
// 重构日志: bb85f4d4
// 重构日志: a9851a43
// 同步 ID: c9479f6a @ Thu Jul 23 01:05:12 UTC 2026
// 同步 ID: 79269513 @ Thu Jul 23 16:39:43 UTC 2026
// 重构日志: 904dd6cd
// 重构日志: 33961373
// 重构日志: d576563b
// 重构日志: af34499c
// 重构日志: d074614f
// 重构日志: 0c04c754
// 同步 ID: abb71882 @ Fri Jul 31 17:12:13 UTC 2026
// 重构日志: 325f75aa
// 重构日志: cbac3436
// 同步 ID: bacebcc9 @ Sun Aug  2 08:08:25 UTC 2026
// 同步 ID: e2493a2a @ Sun Aug  2 09:57:59 UTC 2026
// 重构日志: a341fea5
// 重构日志: 854e05d8
// 重构日志: 04325407
// 重构日志: 2d0cb53d
// 重构日志: 46e6541d
// 重构日志: 5dc0bfa4
// 同步 ID: d694efe1 @ Wed Aug  5 04:48:51 UTC 2026
// 同步 ID: 8c6d99fb @ Fri Aug  7 01:08:05 UTC 2026
// 同步 ID: fd62d15b @ Fri Aug  7 05:34:38 UTC 2026
// 重构日志: 8dd0807c
// 同步 ID: 6cda21dc @ Fri Aug  7 10:02:47 UTC 2026
